2023-03-28 14:14:17.686 22057-22120/? D/cocos2d-x debug info: JS: update offer user 2    {"6":[{"rawId":"G1#G5#1","id":"G1#G5#1_1681664521395","startTime":1681664521395,"type":6,"gold":7150000,"itemReward":[{"id":60,"type":6,"amount":1,"expiredTime":3},{"id":50,"type":3,"amount":5,"expiredTime":-1},{"id":-1,"type":11,"amount":5,"expiredTime":-1}],"channels":{"5":{"value":10,"coin":560,"cost":"R$9.99"}},"defaultValue":10,"defaultCost":"R$10","expTime":1681668121395,"extra":{"promo":"75"},"goldExtra":21,"group":2,"lastLabel":"G1","crrLabel":"G5"}]}
2023-03-28 14:14:17.687 22057-22120/? D/cocos2d-x debug info: JS: NewPopupMgr    check show popup
2023-03-28 14:14:17.688 22057-22120/? D/cocos2d-x debug info: JS: cc. LogUtils: gv.event dispatchEvent UPDATE_SHOP_ITEM_TYPE
2023-03-28 14:14:17.689 22057-22120/? D/cocos2d-x debug info: JS: cc. LogUtils: NewbieMission.Mgr checkHot true
2023-03-28 14:14:17.689 22057-22120/? D/cocos2d-x debug info: JS: btn cn    {"path":"res/Lobby/OfferSystem/offerButton/btnOfferInGame.png"}
2023-03-28 14:14:17.690 22057-22120/? D/cocos2d-x debug info: JS: check log    false    1000000357    guest.1000000357
2023-03-28 14:14:17.690 22057-22120/? D/cocos2d-x debug info: JS: FeedbackService|sendLog    OFFE_REACH    {"AccountID":1000000357,"AccountName":"guest.1000000357","OfferID":"G1#G5#1","OfferName":"G1#G5#1","ScreenShow":"LobbyScene"}
2023-03-28 14:14:17.693 22057-22120/? D/cocos2d-x debug info: JS: config start x2    2022-11-28    2022-11-29    1681664679966
2023-03-28 14:14:17.694 22057-22120/? D/cocos2d-x debug info: JS: config start x2    1669568400000    1669654800000
2023-03-28 14:14:17.694 22057-22120/? D/cocos2d-x debug info: JS: cc. LogUtils: gv.event dispatchEvent OS_UPDATE_OFFER
2023-03-28 14:14:17.694 22057-22120/? D/cocos2d-x debug info: JS: {"6":[{"rawId":"G1#G5#1","id":"G1#G5#1_1681664521395","startTime":1681664521395,"type":6,"gold":7150000,"itemReward":[{"id":60,"type":6,"amount":1,"expiredTime":3},{"id":50,"type":3,"amount":5,"expiredTime":-1},{"id":-1,"type":11,"amount":5,"expiredTime":-1}],"channels":{"5":{"value":10,"coin":560,"cost":"R$9.99"}},"defaultValue":10,"defaultCost":"R$10","expTime":1681668121395,"extra":{"promo":"75"},"goldExtra":21,"group":2,"lastLabel":"G1","crrLabel":"G5"}]}
2023-03-28 14:14:17.695 22057-22120/? D/cocos2d-x debug info: JS: ###callback asyncExecuteWithUrl 2 1 ""
2023-03-28 14:14:17.697 22057-22120/? D/cocos2d-x debug info: JS:  ON RECEIVED PACKET   CMD: 30088  CONTROLLER ID: 1 ERRO.R:  0
2023-03-28 14:14:17.698 22057-22120/? W/System.err: java.lang.ClassNotFoundException: org.cocos2dx.plugin.Crashlytics
2023-03-28 14:14:17.698 22057-22120/? W/System.err:     at org.cocos2dx.plugin.utils.Crashlytic.log(Crashlytic.java:13)
2023-03-28 14:14:17.698 22057-22120/? W/System.err:     at org.cocos2dx.plugin.PlatformWrapper.crashlyticsLog(PlatformWrapper.java:1874)
2023-03-28 14:14:17.698 22057-22120/? W/System.err:     at org.cocos2dx.lib.Cocos2dxRenderer.nativeRender(Native Method)
2023-03-28 14:14:17.698 22057-22120/? W/System.err:     at org.cocos2dx.lib.Cocos2dxRenderer.onDrawFrame(Cocos2dxRenderer.java:92)
2023-03-28 14:14:17.698 22057-22120/? W/System.err: Caused by: java.lang.ClassNotFoundException: Didn't find class "org.cocos2dx.plugin.Crashlytics" on path: DexPathList[[zip file "/data/app/com.gsn.truco.qc-1/base.apk"],nativeLibraryDirectories=[/data/app/com.gsn.truco.qc-1/lib/arm, /data/app/com.gsn.truco.qc-1/base.apk!/lib/armeabi-v7a, /system/lib, /vendor/lib]]
2023-03-28 14:14:17.698 22057-22120/? D/cocos2d-x debug info: JS: InGameListener    onReceived    CMD = 30088
2023-03-28 14:14:17.698 22057-22120/? D/cocos2d-x debug info: JS: InGameListener    onReceived    GAME_MODE = NORMAL
2023-03-28 14:14:17.698 22057-22120/? D/cocos2d-x debug info: JS: TIME GET:    14
2023-03-28 14:14:17.699 22057-22120/? D/cocos2d-x debug info: JS: TIME GET:    0
2023-03-28 14:14:17.699 22057-22120/? D/cocos2d-x debug info: JS: TIME GET:    1
2023-03-28 14:14:17.699 22057-22120/? D/cocos2d-x debug info: JS: TIME GET:    0
2023-03-28 14:14:17.699 22057-22120/? D/cocos2d-x debug info: JS: TIME GET:    0
2023-03-28 14:14:17.699 22057-22120/? D/cocos2d-x debug info: JS: TIME GET:    0
2023-03-28 14:14:17.700 22057-22120/? D/cocos2d-x debug info: JS: TIME GET:    0
2023-03-28 14:14:17.700 22057-22120/? D/cocos2d-x debug info: JS: TIME GET:    1
2023-03-28 14:14:17.700 22057-22120/? D/cocos2d-x debug info: JS: CMD_USER_CHANGE_AWARD_SUCCESS: {"userName":"guest.1000000357","giftId":1010}
2023-03-28 14:14:17.701 22057-22120/? D/cocos2d-x debug info: JS: cc. LogUtils: NetworkListener call onReceived CMD 30088 true
2023-03-28 14:14:17.701 22057-22120/? D/cocos2d-x debug info: JS: cc. LogUtils: NetworkListener performReceiveInPacketObject CMD = 30088 HAS_CALLBACK false
2023-03-28 14:14:17.701 22057-22120/? D/cocos2d-x debug info: JS: next pp
2023-03-28 14:14:17.701 22057-22120/? D/cocos2d-x debug info: JS: JO    []
2023-03-28 14:14:17.701 22057-22120/? D/cocos2d-x debug info: JS: JO    []
2023-03-28 14:14:17.702 22057-22120/? D/cocos2d-x debug info: JS: next is    undefined
2023-03-28 14:14:17.702 22057-22120/? D/cocos2d-x debug info: JS: cc. LogUtils: gv.event dispatchEvent ON_POPUP_SHOW_FINISH
2023-03-28 14:14:17.711 22057-22120/? D/cocos2d-x debug info: JS:  ON RECEIVED PACKET   CMD: 30088  CONTROLLER ID: 1 ERRO.R:  0
2023-03-28 14:14:17.711 22057-22120/? W/System.err: java.lang.ClassNotFoundException: org.cocos2dx.plugin.Crashlytics
2023-03-28 14:14:17.711 22057-22120/? W/System.err:     at org.cocos2dx.plugin.utils.Crashlytic.log(Crashlytic.java:13)
2023-03-28 14:14:17.711 22057-22120/? W/System.err:     at org.cocos2dx.plugin.PlatformWrapper.crashlyticsLog(PlatformWrapper.java:1874)
2023-03-28 14:14:17.711 22057-22120/? W/System.err:     at org.cocos2dx.lib.Cocos2dxRenderer.nativeRender(Native Method)
2023-03-28 14:14:17.711 22057-22120/? W/System.err:     at org.cocos2dx.lib.Cocos2dxRenderer.onDrawFrame(Cocos2dxRenderer.java:92)
2023-03-28 14:14:17.711 22057-22120/? W/System.err: Caused by: java.lang.ClassNotFoundException: Didn't find class "org.cocos2dx.plugin.Crashlytics" on path: DexPathList[[zip file "/data/app/com.gsn.truco.qc-1/base.apk"],nativeLibraryDirectories=[/data/app/com.gsn.truco.qc-1/lib/arm, /data/app/com.gsn.truco.qc-1/base.apk!/lib/armeabi-v7a, /system/lib, /vendor/lib]]
2023-03-28 14:14:17.712 22057-22120/? D/cocos2d-x debug info: JS: InGameListener    onReceived    CMD = 30088
2023-03-28 14:14:17.712 22057-22120/? D/cocos2d-x debug info: JS: InGameListener    onReceived    GAME_MODE = NORMAL
2023-03-28 14:14:17.712 22057-22120/? D/cocos2d-x debug info: JS: TIME GET:    12
2023-03-28 14:14:17.712 22057-22120/? D/cocos2d-x debug info: JS: TIME GET:    0
2023-03-28 14:14:17.712 22057-22120/? D/cocos2d-x debug info: JS: TIME GET:    0
2023-03-28 14:14:17.712 22057-22120/? D/cocos2d-x debug info: JS: TIME GET:    0
2023-03-28 14:14:17.712 22057-22120/? D/cocos2d-x debug info: JS: TIME GET:    0
2023-03-28 14:14:17.713 22057-22120/? D/cocos2d-x debug info: JS: TIME GET:    1
2023-03-28 14:14:17.713 22057-22120/? D/cocos2d-x debug info: JS: TIME GET:    0
2023-03-28 14:14:17.713 22057-22120/? D/cocos2d-x debug info: JS: TIME GET:    0
2023-03-28 14:14:17.713 22057-22120/? D/cocos2d-x debug info: JS: CMD_USER_CHANGE_AWARD_SUCCESS: {"userName":"guest.1000000357","giftId":1020}
2023-03-28 14:14:17.714 22057-22120/? D/cocos2d-x debug info: JS: cc. LogUtils: NetworkListener call onReceived CMD 30088 true
2023-03-28 14:14:17.714 22057-22120/? D/cocos2d-x debug info: JS: cc. LogUtils: NetworkListener performReceiveInPacketObject CMD = 30088 HAS_CALLBACK false
2023-03-28 14:14:17.727 22057-22120/? D/cocos2d-x debug info: JS:  ON RECEIVED PACKET   CMD: 3004  CONTROLLER ID: 1 ERRO.R:  0
2023-03-28 14:14:17.728 22057-22120/? W/System.err: java.lang.ClassNotFoundException: org.cocos2dx.plugin.Crashlytics
2023-03-28 14:14:17.728 22057-22120/? W/System.err:     at org.cocos2dx.plugin.utils.Crashlytic.log(Crashlytic.java:13)
2023-03-28 14:14:17.728 22057-22120/? W/System.err:     at org.cocos2dx.plugin.PlatformWrapper.crashlyticsLog(PlatformWrapper.java:1874)
2023-03-28 14:14:17.728 22057-22120/? W/System.err:     at org.cocos2dx.lib.Cocos2dxRenderer.nativeRender(Native Method)
2023-03-28 14:14:17.728 22057-22120/? W/System.err:     at org.cocos2dx.lib.Cocos2dxRenderer.onDrawFrame(Cocos2dxRenderer.java:92)
2023-03-28 14:14:17.728 22057-22120/? W/System.err: Caused by: java.lang.ClassNotFoundException: Didn't find class "org.cocos2dx.plugin.Crashlytics" on path: DexPathList[[zip file "/data/app/com.gsn.truco.qc-1/base.apk"],nativeLibraryDirectories=[/data/app/com.gsn.truco.qc-1/lib/arm, /data/app/com.gsn.truco.qc-1/base.apk!/lib/armeabi-v7a, /system/lib, /vendor/lib]]
2023-03-28 14:14:17.728 22057-22120/? D/cocos2d-x debug info: JS: update money: {"uID":1000000357,"nChair":-1,"bean":15010000,"coin":0,"levelScore":1,"winCount":10,"lostCount":5,"info":{"coin":0,"uId":1000000357,"bean":15010000,"levelScore":1,"winCount":10,"lostCount":5},"iapProgress":0}
2023-03-28 14:14:17.728 22057-22120/? D/cocos2d-x debug info: JS: cc. LogUtils: gv.event dispatchEvent ON_UPDATE_GOLD
2023-03-28 14:14:17.728 22057-22120/? D/cocos2d-x debug info: JS: CHECK SUPPORTY BEAN: 10000, userBean: 15010000, IS_RECEIVE_SHOW_TUT_PACKAGE: true, IS_RECEIVE_START_UP: undefined
2023-03-28 14:14:17.730 22057-22120/? D/cocos2d-x debug info: JS: asyncExecuteWithUrl 1000000357 http://kingslave-static.mto.zing.vn/defaultAvatar/defaultAvatar4.png -1
2023-03-28 14:14:17.731 22057-22153/? E/cocos2d-x debug info: come in connect
2023-03-28 14:14:17.731 22057-22153/? E/cocos2d-x debug info: java.net.UnknownHostException: Unable to resolve host "kingslave-static.mto.zing.vn": No address associated with hostname
2023-03-28 14:14:17.733 22057-22120/? D/cocos2d-x debug info: JS: cc. LogUtils: NewbieMission.Mgr checkHot true
2023-03-28 14:14:17.734 22057-22120/? D/cocos2d-x debug info: JS: btn cn    {"path":"res/Lobby/OfferSystem/offerButton/btnOfferInGame.png"}
2023-03-28 14:14:17.734 22057-22120/? D/cocos2d-x debug info: JS: check log    false    1000000357    guest.1000000357
2023-03-28 14:14:17.734 22057-22120/? D/cocos2d-x debug info: JS: FeedbackService|sendLog    OFFE_REACH    {"AccountID":1000000357,"AccountName":"guest.1000000357","OfferID":"G1#G5#1","OfferName":"G1#G5#1","ScreenShow":"LobbyScene"}
2023-03-28 14:14:17.742 22057-22120/? D/cocos2d-x debug info: JS: cc. LogUtils: LobbyEventBanner onUpdateGUI
2023-03-28 14:14:17.742 22057-22120/? D/cocos2d-x debug info: JS: current event..    undefined
2023-03-28 14:14:17.747 22057-22120/? D/cocos2d-x debug info: JS: config start x2    2022-11-28    2022-11-29    1681664680020
2023-03-28 14:14:17.748 22057-22120/? D/cocos2d-x debug info: JS: config start x2    1669568400000    1669654800000
2023-03-28 14:14:17.748 22057-22120/? D/cocos2d-x debug info: JS: cc. LogUtils: NetworkListener call onReceived CMD 3004 true
2023-03-28 14:14:17.748 22057-22120/? D/cocos2d-x debug info: JS: cc. LogUtils: NetworkListener performReceiveInPacketObject CMD = 3004 HAS_CALLBACK false
2023-03-28 14:14:17.749 22057-22120/? D/cocos2d-x debug info: JS: ###callback asyncExecuteWithUrl 1 1 ""
2023-03-28 14:14:17.749 22057-22120/? D/cocos2d-x debug info: JS: asyncExecuteWithUrl 1000000357 http://kingslave-static.mto.zing.vn/defaultAvatar/defaultAvatar4.png 1
2023-03-28 14:14:17.750 22057-22153/? E/cocos2d-x debug info: come in connect
2023-03-28 14:14:17.750 22057-22153/? E/cocos2d-x debug info: java.net.UnknownHostException: Unable to resolve host "kingslave-static.mto.zing.vn": No address associated with hostname
2023-03-28 14:14:17.751 22057-22120/? D/cocos2d-x debug info: JS:  ON RECEIVED PACKET   CMD: 30088  CONTROLLER ID: 1 ERRO.R:  0
2023-03-28 14:14:17.752 22057-22120/? W/System.err: java.lang.ClassNotFoundException: org.cocos2dx.plugin.Crashlytics
2023-03-28 14:14:17.752 22057-22120/? W/System.err:     at org.cocos2dx.plugin.utils.Crashlytic.log(Crashlytic.java:13)
2023-03-28 14:14:17.752 22057-22120/? W/System.err:     at org.cocos2dx.plugin.PlatformWrapper.crashlyticsLog(PlatformWrapper.java:1874)
2023-03-28 14:14:17.752 22057-22120/? W/System.err:     at org.cocos2dx.lib.Cocos2dxRenderer.nativeRender(Native Method)
2023-03-28 14:14:17.752 22057-22120/? W/System.err:     at org.cocos2dx.lib.Cocos2dxRenderer.onDrawFrame(Cocos2dxRenderer.java:92)
2023-03-28 14:14:17.752 22057-22120/? W/System.err: Caused by: java.lang.ClassNotFoundException: Didn't find class "org.cocos2dx.plugin.Crashlytics" on path: DexPathList[[zip file "/data/app/com.gsn.truco.qc-1/base.apk"],nativeLibraryDirectories=[/data/app/com.gsn.truco.qc-1/lib/arm, /data/app/com.gsn.truco.qc-1/base.apk!/lib/armeabi-v7a, /system/lib, /vendor/lib]]
2023-03-28 14:14:17.752 22057-22120/? D/cocos2d-x debug info: JS: InGameListener    onReceived    CMD = 30088
2023-03-28 14:14:17.752 22057-22120/? D/cocos2d-x debug info: JS: InGameListener    onReceived    GAME_MODE = NORMAL
2023-03-28 14:14:17.752 22057-22120/? D/cocos2d-x debug info: JS: TIME GET:    39
2023-03-28 14:14:17.752 22057-22120/? D/cocos2d-x debug info: JS: TIME GET:    0
2023-03-28 14:14:17.753 22057-22120/? D/cocos2d-x debug info: JS: TIME GET:    1
2023-03-28 14:14:17.753 22057-22120/? D/cocos2d-x debug info: JS: TIME GET:    0
2023-03-28 14:14:17.753 22057-22120/? D/cocos2d-x debug info: JS: TIME GET:    0
2023-03-28 14:14:17.753 22057-22120/? D/cocos2d-x debug info: JS: TIME GET:    0
2023-03-28 14:14:17.754 22057-22120/? D/cocos2d-x debug info: JS: TIME GET:    1
2023-03-28 14:14:17.754 22057-22120/? D/cocos2d-x debug info: JS: TIME GET:    0
2023-03-28 14:14:17.754 22057-22120/? D/cocos2d-x debug info: JS: CMD_USER_CHANGE_AWARD_SUCCESS: {"userName":"guest.1000000357","giftId":1030}
2023-03-28 14:14:17.755 22057-22120/? D/cocos2d-x debug info: JS: cc. LogUtils: NetworkListener call onReceived CMD 30088 true
2023-03-28 14:14:17.755 22057-22120/? D/cocos2d-x debug info: JS: cc. LogUtils: NetworkListener performReceiveInPacketObject CMD = 30088 HAS_CALLBACK false
2023-03-28 14:14:17.756 22057-22120/? D/cocos2d-x debug info: JS: ###callback asyncExecuteWithUrl 2 1 ""
2023-03-28 14:14:17.761 22057-22120/? D/cocos2d-x debug info: JS:  ON RECEIVED PACKET   CMD: 3004  CONTROLLER ID: 1 ERRO.R:  0
2023-03-28 14:14:17.761 22057-22120/? W/System.err: java.lang.ClassNotFoundException: org.cocos2dx.plugin.Crashlytics
2023-03-28 14:14:17.761 22057-22120/? W/System.err:     at org.cocos2dx.plugin.utils.Crashlytic.log(Crashlytic.java:13)
2023-03-28 14:14:17.761 22057-22120/? W/System.err:     at org.cocos2dx.plugin.PlatformWrapper.crashlyticsLog(PlatformWrapper.java:1874)
2023-03-28 14:14:17.761 22057-22120/? W/System.err:     at org.cocos2dx.lib.Cocos2dxRenderer.nativeRender(Native Method)
2023-03-28 14:14:17.761 22057-22120/? W/System.err:     at org.cocos2dx.lib.Cocos2dxRenderer.onDrawFrame(Cocos2dxRenderer.java:92)
2023-03-28 14:14:17.761 22057-22120/? W/System.err: Caused by: java.lang.ClassNotFoundException: Didn't find class "org.cocos2dx.plugin.Crashlytics" on path: DexPathList[[zip file "/data/app/com.gsn.truco.qc-1/base.apk"],nativeLibraryDirectories=[/data/app/com.gsn.truco.qc-1/lib/arm, /data/app/com.gsn.truco.qc-1/base.apk!/lib/armeabi-v7a, /system/lib, /vendor/lib]]
2023-03-28 14:14:17.762 22057-22120/? D/cocos2d-x debug info: JS: update money: {"uID":1000000357,"nChair":-1,"bean":35010000,"coin":0,"levelScore":1,"winCount":10,"lostCount":5,"info":{"coin":0,"uId":1000000357,"bean":35010000,"levelScore":1,"winCount":10,"lostCount":5},"iapProgress":0}
2023-03-28 14:14:17.762 22057-22120/? D/cocos2d-x debug info: JS: cc. LogUtils: gv.event dispatchEvent ON_UPDATE_GOLD
2023-03-28 14:14:17.762 22057-22120/? D/cocos2d-x debug info: JS: CHECK SUPPORTY BEAN: 10000, userBean: 35010000, IS_RECEIVE_SHOW_TUT_PACKAGE: true, IS_RECEIVE_START_UP: undefined
2023-03-28 14:14:17.763 22057-22120/? D/cocos2d-x debug info: JS: asyncExecuteWithUrl 1000000357 http://kingslave-static.mto.zing.vn/defaultAvatar/defaultAvatar4.png -1
2023-03-28 14:14:17.764 22057-22153/? E/cocos2d-x debug info: come in connect
2023-03-28 14:14:17.764 22057-22153/? E/cocos2d-x debug info: java.net.UnknownHostException: Unable to resolve host "kingslave-static.mto.zing.vn": No address associated with hostname
2023-03-28 14:14:17.767 22057-22120/? D/cocos2d-x debug info: JS: cc. LogUtils: NewbieMission.Mgr checkHot true
2023-03-28 14:14:17.767 22057-22120/? D/cocos2d-x debug info: JS: btn cn    {"path":"res/Lobby/OfferSystem/offerButton/btnOfferInGame.png"}
2023-03-28 14:14:17.768 22057-22120/? D/cocos2d-x debug info: JS: check log    false    1000000357    guest.1000000357
2023-03-28 14:14:17.768 22057-22120/? D/cocos2d-x debug info: JS: FeedbackService|sendLog    OFFE_REACH    {"AccountID":1000000357,"AccountName":"guest.1000000357","OfferID":"G1#G5#1","OfferName":"G1#G5#1","ScreenShow":"LobbyScene"}
2023-03-28 14:14:17.775 22057-22120/? D/cocos2d-x debug info: JS: cc. LogUtils: LobbyEventBanner onUpdateGUI
2023-03-28 14:14:17.776 22057-22120/? D/cocos2d-x debug info: JS: current event..    undefined
2023-03-28 14:14:17.777 22057-22120/? D/cocos2d-x debug info: JS: config start x2    2022-11-28    2022-11-29    1681664680050
2023-03-28 14:14:17.778 22057-22120/? D/cocos2d-x debug info: JS: config start x2    1669568400000    1669654800000
2023-03-28 14:14:17.778 22057-22120/? D/cocos2d-x debug info: JS: cc. LogUtils: NetworkListener call onReceived CMD 3004 true
2023-03-28 14:14:17.778 22057-22120/? D/cocos2d-x debug info: JS: cc. LogUtils: NetworkListener performReceiveInPacketObject CMD = 3004 HAS_CALLBACK false
2023-03-28 14:14:17.779 22057-22120/? D/cocos2d-x debug info: JS: ###callback asyncExecuteWithUrl 1 1 ""
2023-03-28 14:14:17.779 22057-22120/? D/cocos2d-x debug info: JS: asyncExecuteWithUrl 1000000357 http://kingslave-static.mto.zing.vn/defaultAvatar/defaultAvatar4.png 1
2023-03-28 14:14:17.779 22057-22153/? E/cocos2d-x debug info: come in connect
2023-03-28 14:14:17.779 22057-22153/? E/cocos2d-x debug info: java.net.UnknownHostException: Unable to resolve host "kingslave-static.mto.zing.vn": No address associated with hostname
2023-03-28 14:14:17.781 22057-22120/? D/cocos2d-x debug info: JS:  ON RECEIVED PACKET   CMD: 30409  CONTROLLER ID: 1 ERRO.R:  0
2023-03-28 14:14:17.781 22057-22120/? W/System.err: java.lang.ClassNotFoundException: org.cocos2dx.plugin.Crashlytics
2023-03-28 14:14:17.781 22057-22120/? W/System.err:     at org.cocos2dx.plugin.utils.Crashlytic.log(Crashlytic.java:13)
2023-03-28 14:14:17.781 22057-22120/? W/System.err:     at org.cocos2dx.plugin.PlatformWrapper.crashlyticsLog(PlatformWrapper.java:1874)
2023-03-28 14:14:17.781 22057-22120/? W/System.err:     at org.cocos2dx.lib.Cocos2dxRenderer.nativeRender(Native Method)
2023-03-28 14:14:17.781 22057-22120/? W/System.err:     at org.cocos2dx.lib.Cocos2dxRenderer.onDrawFrame(Cocos2dxRenderer.java:92)
2023-03-28 14:14:17.781 22057-22120/? W/System.err: Caused by: java.lang.ClassNotFoundException: Didn't find class "org.cocos2dx.plugin.Crashlytics" on path: DexPathList[[zip file "/data/app/com.gsn.truco.qc-1/base.apk"],nativeLibraryDirectories=[/data/app/com.gsn.truco.qc-1/lib/arm, /data/app/com.gsn.truco.qc-1/base.apk!/lib/armeabi-v7a, /system/lib, /vendor/lib]]
2023-03-28 14:14:17.781 22057-22120/? D/cocos2d-x debug info: JS: InGameListener    onReceived    CMD = 30409
2023-03-28 14:14:17.782 22057-22120/? D/cocos2d-x debug info: JS: InGameListener    onReceived    GAME_MODE = NORMAL
2023-03-28 14:14:17.782 22057-22120/? D/cocos2d-x debug info: JS: TIME GET:    28
2023-03-28 14:14:17.782 22057-22120/? D/cocos2d-x debug info: JS: TIME GET:    0
2023-03-28 14:14:17.782 22057-22120/? D/cocos2d-x debug info: JS: TIME GET:    0
2023-03-28 14:14:17.782 22057-22120/? D/cocos2d-x debug info: JS: TIME GET:    0
2023-03-28 14:14:17.783 22057-22120/? D/cocos2d-x debug info: JS: TIME GET:    0
2023-03-28 14:14:17.783 22057-22120/? D/cocos2d-x debug info: JS: TIME GET:    1
2023-03-28 14:14:17.783 22057-22120/? D/cocos2d-x debug info: JS: TIME GET:    0
2023-03-28 14:14:17.783 22057-22120/? D/cocos2d-x debug info: JS: TIME GET:    0
2023-03-28 14:14:17.783 22057-22120/? D/cocos2d-x debug info: JS: CMD_USER_CHANGE_AWARD_SUCCESS: {"userName":"guest.1000000357","giftId":1030}
2023-03-28 14:14:17.784 22057-22120/? D/cocos2d-x debug info: JS: cc. LogUtils: NetworkListener call onReceived CMD 30409 true
2023-03-28 14:14:17.784 22057-22120/? D/cocos2d-x debug info: JS: cc. LogUtils: NetworkListener performReceiveInPacketObject CMD = 30409 HAS_CALLBACK false
2023-03-28 14:14:17.784 22057-22120/? D/cocos2d-x debug info: JS: ###callback asyncExecuteWithUrl 2 1 ""
2023-03-28 14:14:17.795 22057-22120/? D/cocos2d-x debug info: JS:  ON RECEIVED PACKET   CMD: 30409  CONTROLLER ID: 1 ERRO.R:  0
2023-03-28 14:14:17.795 22057-22120/? W/System.err: java.lang.ClassNotFoundException: org.cocos2dx.plugin.Crashlytics
2023-03-28 14:14:17.795 22057-22120/? W/System.err:     at org.cocos2dx.plugin.utils.Crashlytic.log(Crashlytic.java:13)
2023-03-28 14:14:17.795 22057-22120/? W/System.err:     at org.cocos2dx.plugin.PlatformWrapper.crashlyticsLog(PlatformWrapper.java:1874)
2023-03-28 14:14:17.795 22057-22120/? W/System.err:     at org.cocos2dx.lib.Cocos2dxRenderer.nativeRender(Native Method)
2023-03-28 14:14:17.795 22057-22120/? W/System.err:     at org.cocos2dx.lib.Cocos2dxRenderer.onDrawFrame(Cocos2dxRenderer.java:92)
2023-03-28 14:14:17.795 22057-22120/? W/System.err: Caused by: java.lang.ClassNotFoundException: Didn't find class "org.cocos2dx.plugin.Crashlytics" on path: DexPathList[[zip file "/data/app/com.gsn.truco.qc-1/base.apk"],nativeLibraryDirectories=[/data/app/com.gsn.truco.qc-1/lib/arm, /data/app/com.gsn.truco.qc-1/base.apk!/lib/armeabi-v7a, /system/lib, /vendor/lib]]
2023-03-28 14:14:17.795 22057-22120/? D/cocos2d-x debug info: JS: InGameListener    onReceived    CMD = 30409
2023-03-28 14:14:17.795 22057-22120/? D/cocos2d-x debug info: JS: InGameListener    onReceived    GAME_MODE = NORMAL
2023-03-28 14:14:17.796 22057-22120/? D/cocos2d-x debug info: JS: TIME GET:    12
2023-03-28 14:14:17.796 22057-22120/? D/cocos2d-x debug info: JS: TIME GET:    1
2023-03-28 14:14:17.796 22057-22120/? D/cocos2d-x debug info: JS: TIME GET:    0
2023-03-28 14:14:17.796 22057-22120/? D/cocos2d-x debug info: JS: TIME GET:    0
2023-03-28 14:14:17.796 22057-22120/? D/cocos2d-x debug info: JS: TIME GET:    0
2023-03-28 14:14:17.797 22057-22120/? D/cocos2d-x debug info: JS: TIME GET:    0
2023-03-28 14:14:17.797 22057-22120/? D/cocos2d-x debug info: JS: TIME GET:    1
2023-03-28 14:14:17.797 22057-22120/? D/cocos2d-x debug info: JS: TIME GET:    0
2023-03-28 14:14:17.797 22057-22120/? D/cocos2d-x debug info: JS: CMD_USER_CHANGE_AWARD_SUCCESS: {"userName":"guest.1000000357","giftId":1040}
2023-03-28 14:14:17.798 22057-22120/? D/cocos2d-x debug info: JS: cc. LogUtils: NetworkListener call onReceived CMD 30409 true
2023-03-28 14:14:17.798 22057-22120/? D/cocos2d-x debug info: JS: cc. LogUtils: NetworkListener performReceiveInPacketObject CMD = 30409 HAS_CALLBACK false
2023-03-28 14:14:17.813 22057-22120/? D/cocos2d-x debug info: JS:  ON RECEIVED PACKET   CMD: 30088  CONTROLLER ID: 1 ERRO.R:  0
2023-03-28 14:14:17.813 22057-22120/? W/System.err: java.lang.ClassNotFoundException: org.cocos2dx.plugin.Crashlytics
2023-03-28 14:14:17.814 22057-22120/? W/System.err:     at org.cocos2dx.plugin.utils.Crashlytic.log(Crashlytic.java:13)
2023-03-28 14:14:17.814 22057-22120/? W/System.err:     at org.cocos2dx.plugin.PlatformWrapper.crashlyticsLog(PlatformWrapper.java:1874)
2023-03-28 14:14:17.814 22057-22120/? W/System.err:     at org.cocos2dx.lib.Cocos2dxRenderer.nativeRender(Native Method)
2023-03-28 14:14:17.814 22057-22120/? W/System.err:     at org.cocos2dx.lib.Cocos2dxRenderer.onDrawFrame(Cocos2dxRenderer.java:92)
2023-03-28 14:14:17.814 22057-22120/? W/System.err: Caused by: java.lang.ClassNotFoundException: Didn't find class "org.cocos2dx.plugin.Crashlytics" on path: DexPathList[[zip file "/data/app/com.gsn.truco.qc-1/base.apk"],nativeLibraryDirectories=[/data/app/com.gsn.truco.qc-1/lib/arm, /data/app/com.gsn.truco.qc-1/base.apk!/lib/armeabi-v7a, /system/lib, /vendor/lib]]
2023-03-28 14:14:17.814 22057-22120/? D/cocos2d-x debug info: JS: InGameListener    onReceived    CMD = 30088
2023-03-28 14:14:17.814 22057-22120/? D/cocos2d-x debug info: JS: InGameListener    onReceived    GAME_MODE = NORMAL
2023-03-28 14:14:17.814 22057-22120/? D/cocos2d-x debug info: JS: TIME GET:    17
2023-03-28 14:14:17.814 22057-22120/? D/cocos2d-x debug info: JS: TIME GET:    0
2023-03-28 14:14:17.815 22057-22120/? D/cocos2d-x debug info: JS: TIME GET:    0
2023-03-28 14:14:17.815 22057-22120/? D/cocos2d-x debug info: JS: TIME GET:    1
2023-03-28 14:14:17.815 22057-22120/? D/cocos2d-x debug info: JS: TIME GET:    0
2023-03-28 14:14:17.815 22057-22120/? D/cocos2d-x debug info: JS: TIME GET:    0
2023-03-28 14:14:17.815 22057-22120/? D/cocos2d-x debug info: JS: TIME GET:    0
2023-03-28 14:14:17.815 22057-22120/? D/cocos2d-x debug info: JS: TIME GET:    0
2023-03-28 14:14:17.816 22057-22120/? D/cocos2d-x debug info: JS: CMD_USER_CHANGE_AWARD_SUCCESS: {"userName":"guest.1000000357","giftId":1040}
2023-03-28 14:14:17.816 22057-22120/? D/cocos2d-x debug info: JS: cc. LogUtils: NetworkListener call onReceived CMD 30088 true
2023-03-28 14:14:17.816 22057-22120/? D/cocos2d-x debug info: JS: cc. LogUtils: NetworkListener performReceiveInPacketObject CMD = 30088 HAS_CALLBACK false
2023-03-28 14:14:17.833 22057-22120/? D/cocos2d-x debug info: JS:  ON RECEIVED PACKET   CMD: 3004  CONTROLLER ID: 1 ERRO.R:  0
2023-03-28 14:14:17.833 22057-22120/? W/System.err: java.lang.ClassNotFoundException: org.cocos2dx.plugin.Crashlytics
2023-03-28 14:14:17.833 22057-22120/? W/System.err:     at org.cocos2dx.plugin.utils.Crashlytic.log(Crashlytic.java:13)
2023-03-28 14:14:17.833 22057-22120/? W/System.err:     at org.cocos2dx.plugin.PlatformWrapper.crashlyticsLog(PlatformWrapper.java:1874)
2023-03-28 14:14:17.833 22057-22120/? W/System.err:     at org.cocos2dx.lib.Cocos2dxRenderer.nativeRender(Native Method)
2023-03-28 14:14:17.833 22057-22120/? W/System.err:     at org.cocos2dx.lib.Cocos2dxRenderer.onDrawFrame(Cocos2dxRenderer.java:92)
2023-03-28 14:14:17.833 22057-22120/? W/System.err: Caused by: java.lang.ClassNotFoundException: Didn't find class "org.cocos2dx.plugin.Crashlytics" on path: DexPathList[[zip file "/data/app/com.gsn.truco.qc-1/base.apk"],nativeLibraryDirectories=[/data/app/com.gsn.truco.qc-1/lib/arm, /data/app/com.gsn.truco.qc-1/base.apk!/lib/armeabi-v7a, /system/lib, /vendor/lib]]
2023-03-28 14:14:17.833 22057-22120/? D/cocos2d-x debug info: JS: update money: {"uID":1000000357,"nChair":-1,"bean":65010000,"coin":0,"levelScore":1,"winCount":10,"lostCount":5,"info":{"coin":0,"uId":1000000357,"bean":65010000,"levelScore":1,"winCount":10,"lostCount":5},"iapProgress":0}
2023-03-28 14:14:17.834 22057-22120/? D/cocos2d-x debug info: JS: cc. LogUtils: gv.event dispatchEvent ON_UPDATE_GOLD
2023-03-28 14:14:17.834 22057-22120/? D/cocos2d-x debug info: JS: CHECK SUPPORTY BEAN: 10000, userBean: 65010000, IS_RECEIVE_SHOW_TUT_PACKAGE: true, IS_RECEIVE_START_UP: undefined
2023-03-28 14:14:17.835 22057-22120/? D/cocos2d-x debug info: JS: asyncExecuteWithUrl 1000000357 http://kingslave-static.mto.zing.vn/defaultAvatar/defaultAvatar4.png -1
2023-03-28 14:14:17.836 22057-22153/? E/cocos2d-x debug info: come in connect
2023-03-28 14:14:17.836 22057-22153/? E/cocos2d-x debug info: java.net.UnknownHostException: Unable to resolve host "kingslave-static.mto.zing.vn": No address associated with hostname
2023-03-28 14:14:17.838 22057-22120/? D/cocos2d-x debug info: JS: cc. LogUtils: NewbieMission.Mgr checkHot true
2023-03-28 14:14:17.838 22057-22120/? D/cocos2d-x debug info: JS: btn cn    {"path":"res/Lobby/OfferSystem/offerButton/btnOfferInGame.png"}
2023-03-28 14:14:17.839 22057-22120/? D/cocos2d-x debug info: JS: check log    false    1000000357    guest.1000000357
2023-03-28 14:14:17.839 22057-22120/? D/cocos2d-x debug info: JS: FeedbackService|sendLog    OFFE_REACH    {"AccountID":1000000357,"AccountName":"guest.1000000357","OfferID":"G1#G5#1","OfferName":"G1#G5#1","ScreenShow":"LobbyScene"}
2023-03-28 14:14:17.840 22057-22120/? D/cocos2d-x debug info: JS: cc. LogUtils: LobbyEventBanner onUpdateGUI
2023-03-28 14:14:17.840 22057-22120/? D/cocos2d-x debug info: JS: current event..    undefined
2023-03-28 14:14:17.841 22057-22120/? D/cocos2d-x debug info: JS: config start x2    2022-11-28    2022-11-29    1681664680114
2023-03-28 14:14:17.841 22057-22120/? D/cocos2d-x debug info: JS: config start x2    1669568400000    1669654800000
2023-03-28 14:14:17.841 22057-22120/? D/cocos2d-x debug info: JS: cc. LogUtils: NetworkListener call onReceived CMD 3004 true
2023-03-28 14:14:17.842 22057-22120/? D/cocos2d-x debug info: JS: cc. LogUtils: NetworkListener performReceiveInPacketObject CMD = 3004 HAS_CALLBACK false
2023-03-28 14:14:17.842 22057-22120/? D/cocos2d-x debug info: JS: ###callback asyncExecuteWithUrl 1 1 ""
2023-03-28 14:14:17.842 22057-22120/? D/cocos2d-x debug info: JS: asyncExecuteWithUrl 1000000357 http://kingslave-static.mto.zing.vn/defaultAvatar/defaultAvatar4.png 1
2023-03-28 14:14:17.843 22057-22153/? E/cocos2d-x debug info: come in connect
2023-03-28 14:14:17.843 22057-22153/? E/cocos2d-x debug info: java.net.UnknownHostException: Unable to resolve host "kingslave-static.mto.zing.vn": No address associated with hostname
2023-03-28 14:14:17.845 22057-22120/? D/cocos2d-x debug info: JS:  ON RECEIVED PACKET   CMD: 30409  CONTROLLER ID: 1 ERRO.R:  0
2023-03-28 14:14:17.845 22057-22120/? W/System.err: java.lang.ClassNotFoundException: org.cocos2dx.plugin.Crashlytics
2023-03-28 14:14:17.845 22057-22120/? W/System.err:     at org.cocos2dx.plugin.utils.Crashlytic.log(Crashlytic.java:13)
2023-03-28 14:14:17.845 22057-22120/? W/System.err:     at org.cocos2dx.plugin.PlatformWrapper.crashlyticsLog(PlatformWrapper.java:1874)
2023-03-28 14:14:17.845 22057-22120/? W/System.err:     at org.cocos2dx.lib.Cocos2dxRenderer.nativeRender(Native Method)
2023-03-28 14:14:17.845 22057-22120/? W/System.err:     at org.cocos2dx.lib.Cocos2dxRenderer.onDrawFrame(Cocos2dxRenderer.java:92)
2023-03-28 14:14:17.845 22057-22120/? W/System.err: Caused by: java.lang.ClassNotFoundException: Didn't find class "org.cocos2dx.plugin.Crashlytics" on path: DexPathList[[zip file "/data/app/com.gsn.truco.qc-1/base.apk"],nativeLibraryDirectories=[/data/app/com.gsn.truco.qc-1/lib/arm, /data/app/com.gsn.truco.qc-1/base.apk!/lib/armeabi-v7a, /system/lib, /vendor/lib]]
2023-03-28 14:14:17.845 22057-22120/? D/cocos2d-x debug info: JS: InGameListener    onReceived    CMD = 30409
2023-03-28 14:14:17.845 22057-22120/? D/cocos2d-x debug info: JS: InGameListener    onReceived    GAME_MODE = NORMAL
2023-03-28 14:14:17.845 22057-22120/? D/cocos2d-x debug info: JS: TIME GET:    30
2023-03-28 14:14:17.845 22057-22120/? D/cocos2d-x debug info: JS: TIME GET:    0
2023-03-28 14:14:17.846 22057-22120/? D/cocos2d-x debug info: JS: TIME GET:    0
2023-03-28 14:14:17.846 22057-22120/? D/cocos2d-x debug info: JS: TIME GET:    1
2023-03-28 14:14:17.846 22057-22120/? D/cocos2d-x debug info: JS: TIME GET:    0
2023-03-28 14:14:17.846 22057-22120/? D/cocos2d-x debug info: JS: TIME GET:    0
2023-03-28 14:14:17.846 22057-22120/? D/cocos2d-x debug info: JS: TIME GET:    0
2023-03-28 14:14:17.847 22057-22120/? D/cocos2d-x debug info: JS: TIME GET:    0
2023-03-28 14:14:17.847 22057-22120/? D/cocos2d-x debug info: JS: CMD_USER_CHANGE_AWARD_SUCCESS: {"userName":"guest.1000000357","giftId":1050}
2023-03-28 14:14:17.847 22057-22120/? D/cocos2d-x debug info: JS: cc. LogUtils: NetworkListener call onReceived CMD 30409 true
2023-03-28 14:14:17.847 22057-22120/? D/cocos2d-x debug info: JS: cc. LogUtils: NetworkListener performReceiveInPacketObject CMD = 30409 HAS_CALLBACK false
2023-03-28 14:14:17.848 22057-22120/? D/cocos2d-x debug info: JS: ###callback asyncExecuteWithUrl 2 1 ""
2023-03-28 14:14:17.861 22057-22120/? D/cocos2d-x debug info: JS:  ON RECEIVED PACKET   CMD: 2100  CONTROLLER ID: 1 ERRO.R:  0
2023-03-28 14:14:17.862 22057-22120/? W/System.err: java.lang.ClassNotFoundException: org.cocos2dx.plugin.Crashlytics
2023-03-28 14:14:17.862 22057-22120/? W/System.err:     at org.cocos2dx.plugin.utils.Crashlytic.log(Crashlytic.java:13)
2023-03-28 14:14:17.862 22057-22120/? W/System.err:     at org.cocos2dx.plugin.PlatformWrapper.crashlyticsLog(PlatformWrapper.java:1874)
2023-03-28 14:14:17.862 22057-22120/? W/System.err:     at org.cocos2dx.lib.Cocos2dxRenderer.nativeRender(Native Method)
2023-03-28 14:14:17.862 22057-22120/? W/System.err:     at org.cocos2dx.lib.Cocos2dxRenderer.onDrawFrame(Cocos2dxRenderer.java:92)
2023-03-28 14:14:17.862 22057-22120/? W/System.err: Caused by: java.lang.ClassNotFoundException: Didn't find class "org.cocos2dx.plugin.Crashlytics" on path: DexPathList[[zip file "/data/app/com.gsn.truco.qc-1/base.apk"],nativeLibraryDirectories=[/data/app/com.gsn.truco.qc-1/lib/arm, /data/app/com.gsn.truco.qc-1/base.apk!/lib/armeabi-v7a, /system/lib, /vendor/lib]]
2023-03-28 14:14:17.862 22057-22120/? D/cocos2d-x debug info: JS: InGameListener    onReceived    CMD = 2100
2023-03-28 14:14:17.862 22057-22120/? D/cocos2d-x debug info: JS: InGameListener    onReceived    GAME_MODE = NORMAL
2023-03-28 14:14:17.862 22057-22120/? D/cocos2d-x debug info: JS: TIME GET:    16
2023-03-28 14:14:17.862 22057-22120/? D/cocos2d-x debug info: JS: TIME GET:    0
2023-03-28 14:14:17.863 22057-22120/? D/cocos2d-x debug info: JS: TIME GET:    0
2023-03-28 14:14:17.863 22057-22120/? D/cocos2d-x debug info: JS: TIME GET:    1
2023-03-28 14:14:17.863 22057-22120/? D/cocos2d-x debug info: JS: TIME GET:    0
2023-03-28 14:14:17.863 22057-22120/? D/cocos2d-x debug info: JS: TIME GET:    0
2023-03-28 14:14:17.863 22057-22120/? D/cocos2d-x debug info: JS: TIME GET:    0
2023-03-28 14:14:17.864 22057-22120/? D/cocos2d-x debug info: JS: TIME GET:    0
2023-03-28 14:14:17.864 22057-22120/? D/cocos2d-x debug info: JS: cc. LogUtils: gv.event dispatchEvent UPDATE_LOBBY_SCENE
2023-03-28 14:14:17.865 22057-22120/? D/cocos2d-x debug info: JS: cc. LogUtils: NewbieMission.Mgr checkHot true
2023-03-28 14:14:17.866 22057-22120/? D/cocos2d-x debug info: JS: btn cn    {"path":"res/Lobby/OfferSystem/offerButton/btnOfferInGame.png"}
2023-03-28 14:14:17.866 22057-22120/? D/cocos2d-x debug info: JS: check log    false    1000000357    guest.1000000357
2023-03-28 14:14:17.866 22057-22120/? D/cocos2d-x debug info: JS: FeedbackService|sendLog    OFFE_REACH    {"AccountID":1000000357,"AccountName":"guest.1000000357","OfferID":"G1#G5#1","OfferName":"G1#G5#1","ScreenShow":"LobbyScene"}
2023-03-28 14:14:17.876 22057-22120/? D/cocos2d-x debug info: JS: config start x2    2022-11-28    2022-11-29    1681664680149
2023-03-28 14:14:17.876 22057-22120/? D/cocos2d-x debug info: JS: config start x2    1669568400000    1669654800000
2023-03-28 14:14:17.877 22057-22120/? D/cocos2d-x debug info: onReceived OfferManager block closed payment!
2023-03-28 14:14:17.877 22057-22120/? D/cocos2d-x debug info: JS: cc. LogUtils: NetworkListener call onReceived CMD 2100 true
2023-03-28 14:14:17.877 22057-22120/? D/cocos2d-x debug info: JS: cc. LogUtils: NetworkListener performReceiveInPacketObject CMD = 2100 HAS_CALLBACK false
2023-03-28 14:14:17.879 22057-22120/? D/cocos2d-x debug info: JS:  ON RECEIVED PACKET   CMD: 30088  CONTROLLER ID: 1 ERRO.R:  0
2023-03-28 14:14:17.879 22057-22120/? W/System.err: java.lang.ClassNotFoundException: org.cocos2dx.plugin.Crashlytics
2023-03-28 14:14:17.879 22057-22120/? W/System.err:     at org.cocos2dx.plugin.utils.Crashlytic.log(Crashlytic.java:13)
2023-03-28 14:14:17.879 22057-22120/? W/System.err:     at org.cocos2dx.plugin.PlatformWrapper.crashlyticsLog(PlatformWrapper.java:1874)
2023-03-28 14:14:17.879 22057-22120/? W/System.err:     at org.cocos2dx.lib.Cocos2dxRenderer.nativeRender(Native Method)
2023-03-28 14:14:17.879 22057-22120/? W/System.err:     at org.cocos2dx.lib.Cocos2dxRenderer.onDrawFrame(Cocos2dxRenderer.java:92)
2023-03-28 14:14:17.879 22057-22120/? W/System.err: Caused by: java.lang.ClassNotFoundException: Didn't find class "org.cocos2dx.plugin.Crashlytics" on path: DexPathList[[zip file "/data/app/com.gsn.truco.qc-1/base.apk"],nativeLibraryDirectories=[/data/app/com.gsn.truco.qc-1/lib/arm, /data/app/com.gsn.truco.qc-1/base.apk!/lib/armeabi-v7a, /system/lib, /vendor/lib]]
2023-03-28 14:14:17.879 22057-22120/? D/cocos2d-x debug info: JS: InGameListener    onReceived    CMD = 30088
2023-03-28 14:14:17.880 22057-22120/? D/cocos2d-x debug info: JS: InGameListener    onReceived    GAME_MODE = NORMAL
2023-03-28 14:14:17.880 22057-22120/? D/cocos2d-x debug info: JS: TIME GET:    17
2023-03-28 14:14:17.880 22057-22120/? D/cocos2d-x debug info: JS: TIME GET:    0
2023-03-28 14:14:17.880 22057-22120/? D/cocos2d-x debug info: JS: TIME GET:    0
2023-03-28 14:14:17.881 22057-22120/? D/cocos2d-x debug info: JS: TIME GET:    0
2023-03-28 14:14:17.881 22057-22120/? D/cocos2d-x debug info: JS: TIME GET:    1
2023-03-28 14:14:17.881 22057-22120/? D/cocos2d-x debug info: JS: TIME GET:    0
2023-03-28 14:14:17.881 22057-22120/? D/cocos2d-x debug info: JS: TIME GET:    0
2023-03-28 14:14:17.881 22057-22120/? D/cocos2d-x debug info: JS: TIME GET:    0
2023-03-28 14:14:17.882 22057-22120/? D/cocos2d-x debug info: JS: CMD_USER_CHANGE_AWARD_SUCCESS: {"userName":"guest.1000000357","giftId":1050}
2023-03-28 14:14:17.882 22057-22120/? D/cocos2d-x debug info: JS: cc. LogUtils: NetworkListener call onReceived CMD 30088 true
2023-03-28 14:14:17.882 22057-22120/? D/cocos2d-x debug info: JS: cc. LogUtils: NetworkListener performReceiveInPacketObject CMD = 30088 HAS_CALLBACK false
2023-03-28 14:14:17.894 22057-22120/? D/cocos2d-x debug info: JS:  ON RECEIVED PACKET   CMD: 3004  CONTROLLER ID: 1 ERRO.R:  0
2023-03-28 14:14:17.894 22057-22120/? W/System.err: java.lang.ClassNotFoundException: org.cocos2dx.plugin.Crashlytics
2023-03-28 14:14:17.894 22057-22120/? W/System.err:     at org.cocos2dx.plugin.utils.Crashlytic.log(Crashlytic.java:13)
2023-03-28 14:14:17.894 22057-22120/? W/System.err:     at org.cocos2dx.plugin.PlatformWrapper.crashlyticsLog(PlatformWrapper.java:1874)
2023-03-28 14:14:17.894 22057-22120/? W/System.err:     at org.cocos2dx.lib.Cocos2dxRenderer.nativeRender(Native Method)
2023-03-28 14:14:17.894 22057-22120/? W/System.err:     at org.cocos2dx.lib.Cocos2dxRenderer.onDrawFrame(Cocos2dxRenderer.java:92)
2023-03-28 14:14:17.894 22057-22120/? W/System.err: Caused by: java.lang.ClassNotFoundException: Didn't find class "org.cocos2dx.plugin.Crashlytics" on path: DexPathList[[zip file "/data/app/com.gsn.truco.qc-1/base.apk"],nativeLibraryDirectories=[/data/app/com.gsn.truco.qc-1/lib/arm, /data/app/com.gsn.truco.qc-1/base.apk!/lib/armeabi-v7a, /system/lib, /vendor/lib]]
2023-03-28 14:14:17.894 22057-22120/? D/cocos2d-x debug info: JS: update money: {"uID":1000000357,"nChair":-1,"bean":165010000,"coin":0,"levelScore":1,"winCount":10,"lostCount":5,"info":{"coin":0,"uId":1000000357,"bean":165010000,"levelScore":1,"winCount":10,"lostCount":5},"iapProgress":0}
2023-03-28 14:14:17.895 22057-22120/? D/cocos2d-x debug info: JS: cc. LogUtils: gv.event dispatchEvent ON_UPDATE_GOLD
2023-03-28 14:14:17.895 22057-22120/? D/cocos2d-x debug info: JS: CHECK SUPPORTY BEAN: 10000, userBean: 165010000, IS_RECEIVE_SHOW_TUT_PACKAGE: true, IS_RECEIVE_START_UP: undefined
2023-03-28 14:14:17.896 22057-22120/? D/cocos2d-x debug info: JS: asyncExecuteWithUrl 1000000357 http://kingslave-static.mto.zing.vn/defaultAvatar/defaultAvatar4.png -1
2023-03-28 14:14:17.897 22057-22153/? E/cocos2d-x debug info: come in connect
2023-03-28 14:14:17.897 22057-22153/? E/cocos2d-x debug info: java.net.UnknownHostException: Unable to resolve host "kingslave-static.mto.zing.vn": No address associated with hostname
2023-03-28 14:14:17.899 22057-22120/? D/cocos2d-x debug info: JS: cc. LogUtils: NewbieMission.Mgr checkHot true
2023-03-28 14:14:17.899 22057-22120/? D/cocos2d-x debug info: JS: btn cn    {"path":"res/Lobby/OfferSystem/offerButton/btnOfferInGame.png"}
2023-03-28 14:14:17.900 22057-22120/? D/cocos2d-x debug info: JS: check log    false    1000000357    guest.1000000357
2023-03-28 14:14:17.900 22057-22120/? D/cocos2d-x debug info: JS: FeedbackService|sendLog    OFFE_REACH    {"AccountID":1000000357,"AccountName":"guest.1000000357","OfferID":"G1#G5#1","OfferName":"G1#G5#1","ScreenShow":"LobbyScene"}
2023-03-28 14:14:17.908 22057-22120/? D/cocos2d-x debug info: JS: cc. LogUtils: LobbyEventBanner onUpdateGUI
2023-03-28 14:14:17.909 22057-22120/? D/cocos2d-x debug info: JS: current event..    undefined
2023-03-28 14:14:17.910 22057-22120/? D/cocos2d-x debug info: JS: config start x2    2022-11-28    2022-11-29    1681664680182
2023-03-28 14:14:17.910 22057-22120/? D/cocos2d-x debug info: JS: config start x2    1669568400000    1669654800000
2023-03-28 14:14:17.911 22057-22120/? D/cocos2d-x debug info: JS: cc. LogUtils: NetworkListener call onReceived CMD 3004 true
2023-03-28 14:14:17.911 22057-22120/? D/cocos2d-x debug info: JS: cc. LogUtils: NetworkListener performReceiveInPacketObject CMD = 3004 HAS_CALLBACK false
2023-03-28 14:14:17.911 22057-22120/? D/cocos2d-x debug info: JS: ###callback asyncExecuteWithUrl 1 1 ""
2023-03-28 14:14:17.911 22057-22120/? D/cocos2d-x debug info: JS: asyncExecuteWithUrl 1000000357 http://kingslave-static.mto.zing.vn/defaultAvatar/defaultAvatar4.png 1
2023-03-28 14:14:17.912 22057-22153/? E/cocos2d-x debug info: come in connect
2023-03-28 14:14:17.912 22057-22153/? E/cocos2d-x debug info: java.net.UnknownHostException: Unable to resolve host "kingslave-static.mto.zing.vn": No address associated with hostname
2023-03-28 14:14:17.914 22057-22120/? D/cocos2d-x debug info: JS:  ON RECEIVED PACKET   CMD: 30082  CONTROLLER ID: 1 ERRO.R:  0
2023-03-28 14:14:17.914 22057-22120/? W/System.err: java.lang.ClassNotFoundException: org.cocos2dx.plugin.Crashlytics
2023-03-28 14:14:17.914 22057-22120/? W/System.err:     at org.cocos2dx.plugin.utils.Crashlytic.log(Crashlytic.java:13)
2023-03-28 14:14:17.914 22057-22120/? W/System.err:     at org.cocos2dx.plugin.PlatformWrapper.crashlyticsLog(PlatformWrapper.java:1874)
2023-03-28 14:14:17.914 22057-22120/? W/System.err:     at org.cocos2dx.lib.Cocos2dxRenderer.nativeRender(Native Method)
2023-03-28 14:14:17.914 22057-22120/? W/System.err:     at org.cocos2dx.lib.Cocos2dxRenderer.onDrawFrame(Cocos2dxRenderer.java:92)
2023-03-28 14:14:17.914 22057-22120/? W/System.err: Caused by: java.lang.ClassNotFoundException: Didn't find class "org.cocos2dx.plugin.Crashlytics" on path: DexPathList[[zip file "/data/app/com.gsn.truco.qc-1/base.apk"],nativeLibraryDirectories=[/data/app/com.gsn.truco.qc-1/lib/arm, /data/app/com.gsn.truco.qc-1/base.apk!/lib/armeabi-v7a, /system/lib, /vendor/lib]]
2023-03-28 14:14:17.914 22057-22120/? D/cocos2d-x debug info: JS: InGameListener    onReceived    CMD = 30082
2023-03-28 14:14:17.914 22057-22120/? D/cocos2d-x debug info: JS: InGameListener    onReceived    GAME_MODE = NORMAL
2023-03-28 14:14:17.914 22057-22120/? D/cocos2d-x debug info: JS: TIME GET:    33
2023-03-28 14:14:17.915 22057-22120/? D/cocos2d-x debug info: JS: TIME GET:    0
2023-03-28 14:14:17.915 22057-22120/? D/cocos2d-x debug info: JS: TIME GET:    1
2023-03-28 14:14:17.915 22057-22120/? D/cocos2d-x debug info: JS: TIME GET:    0
2023-03-28 14:14:17.915 22057-22120/? D/cocos2d-x debug info: JS: TIME GET:    0
2023-03-28 14:14:17.915 22057-22120/? D/cocos2d-x debug info: JS: TIME GET:    0
2023-03-28 14:14:17.916 22057-22120/? D/cocos2d-x debug info: JS: TIME GET:    0
2023-03-28 14:14:17.916 22057-22120/? D/cocos2d-x debug info: JS: TIME GET:    1
2023-03-28 14:14:17.916 22057-22120/? D/cocos2d-x debug info: JS: CMD_OPEN_EVENT: {"keyCoin":0,"currentLevelExp":0,"nextLevelExp":5,"curLevel":0,"ids":[1010,1020,1030,1040,1050,1000010,1000020,1000030,1000040,1000050],"items":[3,3,3,3,3,3,3,3,3,3],"gifts":[0,0,0,0,0,0,1,0,0,0],"list":[{"id":1010,"item":3,"gift":0},{"id":1020,"item":3,"gift":0},{"id":1030,"item":3,"gift":0},{"id":1040,"item":3,"gift":0},{"id":1050,"item":3,"gift":0},{"id":1000010,"item":3,"gift":0},{"id":1000020,"item":3,"gift":1},{"id":1000030,"item":3,"gift":0},{"id":1000040,"item":3,"gift":0},{"id":1000050,"item":3,"gift":0}],"curStack":0,"curGift":0,"curMaxStack":0,"idGiftComing":[],"userSegment":2}
2023-03-28 14:14:17.917 22057-22120/? D/cocos2d-x debug info: JS: cc. LogUtils: SceneMgr clearLoading
2023-03-28 14:14:17.917 22057-22120/? D/cocos2d-x debug info: JS: load list from cache successfully
2023-03-28 14:14:17.917 22057-22120/? D/cocos2d-x debug info: JS: notifications group event_out_game :[]
2023-03-28 14:14:17.918 22057-22120/? D/cocos2d-x debug info: JS: cannot cancel notification because it's not exist
2023-03-28 14:14:17.918 22057-22120/? D/cocos2d-x debug info: JS: SORTING GIFT: [{"id":1010,"item":3,"gift":0},{"id":1020,"item":3,"gift":0},{"id":1030,"item":3,"gift":0},{"id":1040,"item":3,"gift":0},{"id":1050,"item":3,"gift":0},{"id":1000010,"item":3,"gift":0},{"id":1000020,"item":3,"gift":1},{"id":1000030,"item":3,"gift":0},{"id":1000040,"item":3,"gift":0},{"id":1000050,"item":3,"gift":0}]
2023-03-28 14:14:17.918 22057-22120/? D/cocos2d-x debug info: JS: cc. LogUtils: NetworkListener call onReceived CMD 30082 true
2023-03-28 14:14:17.918 22057-22120/? D/cocos2d-x debug info: JS: cc. LogUtils: NetworkListener performReceiveInPacketObject CMD = 30082 HAS_CALLBACK false
2023-03-28 14:14:17.919 22057-22120/? D/cocos2d-x debug info: JS: ###callback asyncExecuteWithUrl 2 1 ""
2023-03-28 14:14:17.929 22057-22120/? D/cocos2d-x debug info: JS:  ON RECEIVED PACKET   CMD: 30401  CONTROLLER ID: 1 ERRO.R:  0
2023-03-28 14:14:17.929 22057-22120/? W/System.err: java.lang.ClassNotFoundException: org.cocos2dx.plugin.Crashlytics
2023-03-28 14:14:17.929 22057-22120/? W/System.err:     at org.cocos2dx.plugin.utils.Crashlytic.log(Crashlytic.java:13)
2023-03-28 14:14:17.929 22057-22120/? W/System.err:     at org.cocos2dx.plugin.PlatformWrapper.crashlyticsLog(PlatformWrapper.java:1874)
2023-03-28 14:14:17.929 22057-22120/? W/System.err:     at org.cocos2dx.lib.Cocos2dxRenderer.nativeRender(Native Method)
2023-03-28 14:14:17.929 22057-22120/? W/System.err:     at org.cocos2dx.lib.Cocos2dxRenderer.onDrawFrame(Cocos2dxRenderer.java:92)
2023-03-28 14:14:17.929 22057-22120/? W/System.err: Caused by: java.lang.ClassNotFoundException: Didn't find class "org.cocos2dx.plugin.Crashlytics" on path: DexPathList[[zip file "/data/app/com.gsn.truco.qc-1/base.apk"],nativeLibraryDirectories=[/data/app/com.gsn.truco.qc-1/lib/arm, /data/app/com.gsn.truco.qc-1/base.apk!/lib/armeabi-v7a, /system/lib, /vendor/lib]]
2023-03-28 14:14:17.929 22057-22120/? D/cocos2d-x debug info: JS: InGameListener    onReceived    CMD = 30401
2023-03-28 14:14:17.929 22057-22120/? D/cocos2d-x debug info: JS: InGameListener    onReceived    GAME_MODE = NORMAL
2023-03-28 14:14:17.930 22057-22120/? D/cocos2d-x debug info: JS: TIME GET:    14
2023-03-28 14:14:17.930 22057-22120/? D/cocos2d-x debug info: JS: TIME GET:    0
2023-03-28 14:14:17.930 22057-22120/? D/cocos2d-x debug info: JS: TIME GET:    0
2023-03-28 14:14:17.930 22057-22120/? D/cocos2d-x debug info: JS: TIME GET:    0
2023-03-28 14:14:17.931 22057-22120/? D/cocos2d-x debug info: JS: TIME GET:    0
2023-03-28 14:14:17.931 22057-22120/? D/cocos2d-x debug info: JS: TIME GET:    1
2023-03-28 14:14:17.931 22057-22120/? D/cocos2d-x debug info: JS: TIME GET:    0
2023-03-28 14:14:17.931 22057-22120/? D/cocos2d-x debug info: JS: TIME GET:    0
2023-03-28 14:14:17.932 22057-22120/? D/cocos2d-x debug info: JS: CMD_EVENT_NOTIFY: {"eventTime":3,"timeLeft":0,"costs":[1,10,50,100],"bonus":[0,0,0,0],"isRegisterSuccess":false,"eventWeeks":["20/03/2023","27/03/2023"],"eventDayFrom":"20/03","eventDayTo":"02/04/2023","showX2G":false,"isFirstTime":false,"eventLinkNews":"http://pmweb.play.zing.vn/mobileservice/trungthuongV2_mm.php","startPromotion":0,"endPromotion":0,"extraDataShopEvent":502,"extraDataOfferEvent":503}
2023-03-28 14:14:17.932 22057-22120/? W/System.err: java.lang.ClassNotFoundException: org.cocos2dx.plugin.Crashlytics
2023-03-28 14:14:17.932 22057-22120/? W/System.err:     at org.cocos2dx.plugin.utils.Crashlytic.log(Crashlytic.java:13)
2023-03-28 14:14:17.932 22057-22120/? W/System.err:     at org.cocos2dx.plugin.PlatformWrapper.crashlyticsLog(PlatformWrapper.java:1874)
2023-03-28 14:14:17.932 22057-22120/? W/System.err:     at org.cocos2dx.lib.Cocos2dxRenderer.nativeRender(Native Method)
2023-03-28 14:14:17.932 22057-22120/? W/System.err:     at org.cocos2dx.lib.Cocos2dxRenderer.onDrawFrame(Cocos2dxRenderer.java:92)
2023-03-28 14:14:17.933 22057-22120/? W/System.err: Caused by: java.lang.ClassNotFoundException: Didn't find class "org.cocos2dx.plugin.Crashlytics" on path: DexPathList[[zip file "/data/app/com.gsn.truco.qc-1/base.apk"],nativeLibraryDirectories=[/data/app/com.gsn.truco.qc-1/lib/arm, /data/app/com.gsn.truco.qc-1/base.apk!/lib/armeabi-v7a, /system/lib, /vendor/lib]]
2023-03-28 14:14:17.933 22057-22120/? D/cocos2d-x debug info: JS: cc. LogUtils: gv.event dispatchEvent UPDATE_LOBBY_SCENE
2023-03-28 14:14:17.933 22057-22120/? D/cocos2d-x debug info: JS: cc. LogUtils: LobbyEventBanner onUpdateGUI
2023-03-28 14:14:17.933 22057-22120/? D/cocos2d-x debug info: JS: current event..    undefined
2023-03-28 14:14:17.934 22057-22120/? D/cocos2d-x debug info: JS: config start x2    2022-11-28    2022-11-29    1681664680207
2023-03-28 14:14:17.935 22057-22120/? D/cocos2d-x debug info: JS: config start x2    1669568400000    1669654800000
2023-03-28 14:14:17.935 22057-22120/? D/cocos2d-x debug info: JS: cc. LogUtils: NetworkListener call onReceived CMD 30401 true
